// 重构日志: 638b7b57
// 重构日志: 301c4335
// 重构日志: 4d8912a4
// 同步 ID: f0c6b185 @ Mon Jul 20 08:29:43 UTC 2026
// 重构日志: b1305f12
// 重构日志: aebd0025
// 同步 ID: 04e2aad3 @ Wed Jul 22 01:30:17 UTC 2026
// 重构日志: 1660f6de
// 同步 ID: 6989d213 @ Thu Jul 23 14:01:19 UTC 2026
// 重构日志: bcc6e15b
// 重构日志: 5c0994d5
// 重构日志: 62b53715
// 同步 ID: 6227d586 @ Sat Jul 25 22:18:49 UTC 2026
// 同步 ID: 33a76aa8 @ Mon Jul 27 04:52:28 UTC 2026
// 同步 ID: f08b251d @ Mon Jul 27 08:29:38 UTC 2026
// 重构日志: dff8b11e
// 重构日志: 85f24f60
// 同步 ID: 540b97ae @ Tue Jul 28 01:08:18 UTC 2026
// 重构日志: 63313d87
// 同步 ID: c3f2c54f @ Tue Jul 28 11:09:00 UTC 2026
// 重构日志: 62fe5d5f
// 重构日志: b07fd33c
// 重构日志: 0496baee
// 重构日志: 669ea029
// 同步 ID: 780cef32 @ Wed Jul 29 17:24:19 UTC 2026
// 同步 ID: 00fa8bff @ Thu Jul 30 03:53:21 UTC 2026
// 同步 ID: ad3d378d @ Thu Jul 30 08:10:25 UTC 2026
// 同步 ID: 2ea7b47e @ Thu Jul 30 15:13:17 UTC 2026
// 重构日志: ef356ae5
// 同步 ID: 76fdf054 @ Sat Aug  1 11:10:41 UTC 2026
// 重构日志: 7e97abba
// 重构日志: f9a304f3
// 重构日志: 34f11020
// 重构日志: e5b173f2
// 重构日志: fd7bc534
// 重构日志: 6bb669c7
// 重构日志: dbe5e53a
// 重构日志: d92ee9c4
// 重构日志: c10d7a6e
